Archive member included to satisfy reference by file (symbol)

/usr/bin/../lib/gcc/arm-none-eabi/7.3.1/../../../../arm-none-eabi/lib/thumb/v7e-m/fpv4-sp/hard/libc_nano.a(lib_a-exit.o)
                              /usr/bin/../lib/gcc/arm-none-eabi/7.3.1/../../../../arm-none-eabi/lib/thumb/v7e-m/fpv4-sp/hard/crt0.o (exit)
/usr/bin/../lib/gcc/arm-none-eabi/7.3.1/../../../../arm-none-eabi/lib/thumb/v7e-m/fpv4-sp/hard/libc_nano.a(lib_a-impure.o)
                              /usr/bin/../lib/gcc/arm-none-eabi/7.3.1/../../../../arm-none-eabi/lib/thumb/v7e-m/fpv4-sp/hard/libc_nano.a(lib_a-exit.o) (_global_impure_ptr)
/usr/bin/../lib/gcc/arm-none-eabi/7.3.1/../../../../arm-none-eabi/lib/thumb/v7e-m/fpv4-sp/hard/libc_nano.a(lib_a-init.o)
                              /usr/bin/../lib/gcc/arm-none-eabi/7.3.1/../../../../arm-none-eabi/lib/thumb/v7e-m/fpv4-sp/hard/crt0.o (__libc_init_array)
/usr/bin/../lib/gcc/arm-none-eabi/7.3.1/../../../../arm-none-eabi/lib/thumb/v7e-m/fpv4-sp/hard/libc_nano.a(lib_a-memset.o)
                              /usr/bin/../lib/gcc/arm-none-eabi/7.3.1/../../../../arm-none-eabi/lib/thumb/v7e-m/fpv4-sp/hard/crt0.o (memset)
/usr/bin/../lib/gcc/arm-none-eabi/7.3.1/../../../../arm-none-eabi/lib/thumb/v7e-m/fpv4-sp/hard/libnosys.a(_exit.o)
                              /usr/bin/../lib/gcc/arm-none-eabi/7.3.1/../../../../arm-none-eabi/lib/thumb/v7e-m/fpv4-sp/hard/libc_nano.a(lib_a-exit.o) (_exit)

Allocating common symbols
Common symbol       size              file

uwTick              0x4               build/stm32f3xx_hal.o
pFlash              0x20              build/stm32f3xx_hal_flash.o
hpcd_USB_FS         0x3a8             build/main.o

Discarded input sections

 .text          0x0000000000000000        0x0 /usr/bin/../lib/gcc/arm-none-eabi/7.3.1/thumb/v7e-m/fpv4-sp/hard/crti.o
 .data          0x0000000000000000        0x0 /usr/bin/../lib/gcc/arm-none-eabi/7.3.1/thumb/v7e-m/fpv4-sp/hard/crti.o
 .bss           0x0000000000000000        0x0 /usr/bin/../lib/gcc/arm-none-eabi/7.3.1/thumb/v7e-m/fpv4-sp/hard/crti.o
 .data          0x0000000000000000        0x4 /usr/bin/../lib/gcc/arm-none-eabi/7.3.1/thumb/v7e-m/fpv4-sp/hard/crtbegin.o
 .text          0x0000000000000000       0x74 /usr/bin/../lib/gcc/arm-none-eabi/7.3.1/../../../../arm-none-eabi/lib/thumb/v7e-m/fpv4-sp/hard/crt0.o
 .data          0x0000000000000000        0x0 /usr/bin/../lib/gcc/arm-none-eabi/7.3.1/../../../../arm-none-eabi/lib/thumb/v7e-m/fpv4-sp/hard/crt0.o
 .bss           0x0000000000000000        0x0 /usr/bin/../lib/gcc/arm-none-eabi/7.3.1/../../../../arm-none-eabi/lib/thumb/v7e-m/fpv4-sp/hard/crt0.o
 .ARM.extab     0x0000000000000000        0x0 /usr/bin/../lib/gcc/arm-none-eabi/7.3.1/../../../../arm-none-eabi/lib/thumb/v7e-m/fpv4-sp/hard/crt0.o
 .ARM.exidx     0x0000000000000000        0x8 /usr/bin/../lib/gcc/arm-none-eabi/7.3.1/../../../../arm-none-eabi/lib/thumb/v7e-m/fpv4-sp/hard/crt0.o
 .ARM.attributes
                0x0000000000000000       0x20 /usr/bin/../lib/gcc/arm-none-eabi/7.3.1/../../../../arm-none-eabi/lib/thumb/v7e-m/fpv4-sp/hard/crt0.o
 .text          0x0000000000000000        0x0 build/main.o
 .data          0x0000000000000000        0x0 build/main.o
 .bss           0x0000000000000000        0x0 build/main.o
 .text.Error_Handler
                0x0000000000000000        0x2 build/main.o
 .text          0x0000000000000000        0x0 build/stm32f3xx_it.o
 .data          0x0000000000000000        0x0 build/stm32f3xx_it.o
 .bss           0x0000000000000000        0x0 build/stm32f3xx_it.o
 .text          0x0000000000000000        0x0 build/stm32f3xx_hal_msp.o
 .data          0x0000000000000000        0x0 build/stm32f3xx_hal_msp.o
 .bss           0x0000000000000000        0x0 build/stm32f3xx_hal_msp.o
 .text.HAL_PCD_MspDeInit
                0x0000000000000000       0x2c build/stm32f3xx_hal_msp.o
 .text          0x0000000000000000        0x0 build/stm32f3xx_ll_utils.o
 .data          0x0000000000000000        0x0 build/stm32f3xx_ll_utils.o
 .bss           0x0000000000000000        0x0 build/stm32f3xx_ll_utils.o
 .text.UTILS_SetFlashLatency
                0x0000000000000000       0x48 build/stm32f3xx_ll_utils.o
 .text.UTILS_PLL_IsBusy
                0x0000000000000000       0x18 build/stm32f3xx_ll_utils.o
 .text.UTILS_GetPLLOutputFrequency
                0x0000000000000000       0x24 build/stm32f3xx_ll_utils.o
 .text.LL_mDelay
                0x0000000000000000       0x2c build/stm32f3xx_ll_utils.o
 .text.UTILS_EnablePLLAndSwitchSystem
                0x0000000000000000       0xc0 build/stm32f3xx_ll_utils.o
 .text.LL_PLL_ConfigSystemClock_HSI
                0x0000000000000000       0x60 build/stm32f3xx_ll_utils.o
 .text.LL_PLL_ConfigSystemClock_HSE
                0x0000000000000000       0x84 build/stm32f3xx_ll_utils.o
 .text          0x0000000000000000        0x0 build/stm32f3xx_ll_exti.o
 .data          0x0000000000000000        0x0 build/stm32f3xx_ll_exti.o
[...]
Memory Configuration

Name             Origin             Length             Attributes
RAM              0x0000000020000000 0x000000000000a000 xrw
CCMRAM           0x0000000010000000 0x0000000000002000 rw
FLASH            0x0000000008000000 0x0000000000040000 xr
*default*        0x0000000000000000 0xffffffffffffffff

Linker script and memory map

LOAD /usr/bin/../lib/gcc/arm-none-eabi/7.3.1/thumb/v7e-m/fpv4-sp/hard/crti.o
LOAD /usr/bin/../lib/gcc/arm-none-eabi/7.3.1/thumb/v7e-m/fpv4-sp/hard/crtbegin.o
LOAD /usr/bin/../lib/gcc/arm-none-eabi/7.3.1/../../../../arm-none-eabi/lib/thumb/v7e-m/fpv4-sp/hard/crt0.o
LOAD build/main.o
LOAD build/stm32f3xx_it.o
LOAD build/stm32f3xx_hal_msp.o
LOAD build/stm32f3xx_ll_utils.o
LOAD build/stm32f3xx_ll_exti.o
LOAD build/stm32f3xx_ll_gpio.o
LOAD build/stm32f3xx_ll_i2c.o
LOAD build/stm32f3xx_ll_dma.o
LOAD build/stm32f3xx_ll_spi.o
LOAD build/stm32f3xx_hal_tim.o
LOAD build/stm32f3xx_hal_tim_ex.o
LOAD build/stm32f3xx_hal_pcd.o
LOAD build/stm32f3xx_hal_pcd_ex.o
LOAD build/stm32f3xx_hal.o
LOAD build/stm32f3xx_hal_rcc.o
LOAD build/stm32f3xx_hal_rcc_ex.o
LOAD build/stm32f3xx_hal_gpio.o
LOAD build/stm32f3xx_hal_dma.o
LOAD build/stm32f3xx_hal_cortex.o
LOAD build/stm32f3xx_hal_pwr.o
LOAD build/stm32f3xx_hal_pwr_ex.o
LOAD build/stm32f3xx_hal_flash.o
LOAD build/stm32f3xx_hal_flash_ex.o
LOAD build/stm32f3xx_hal_i2c.o
LOAD build/stm32f3xx_hal_i2c_ex.o
LOAD build/system_stm32f3xx.o
LOAD build/startup_stm32f303xc.o
LOAD /usr/bin/../lib/gcc/arm-none-eabi/7.3.1/../../../../arm-none-eabi/lib/thumb/v7e-m/fpv4-sp/hard/libc_nano.a
LOAD /usr/bin/../lib/gcc/arm-none-eabi/7.3.1/../../../../arm-none-eabi/lib/thumb/v7e-m/fpv4-sp/hard/libm.a
LOAD /usr/bin/../lib/gcc/arm-none-eabi/7.3.1/../../../../arm-none-eabi/lib/thumb/v7e-m/fpv4-sp/hard/libnosys.a
START GROUP
LOAD /usr/bin/../lib/gcc/arm-none-eabi/7.3.1/thumb/v7e-m/fpv4-sp/hard/libgcc.a
LOAD /usr/bin/../lib/gcc/arm-none-eabi/7.3.1/../../../../arm-none-eabi/lib/thumb/v7e-m/fpv4-sp/hard/libc_nano.a
END GROUP
START GROUP
LOAD /usr/bin/../lib/gcc/arm-none-eabi/7.3.1/thumb/v7e-m/fpv4-sp/hard/libgcc.a
LOAD /usr/bin/../lib/gcc/arm-none-eabi/7.3.1/../../../../arm-none-eabi/lib/thumb/v7e-m/fpv4-sp/hard/libc_nano.a
END GROUP
LOAD /usr/bin/../lib/gcc/arm-none-eabi/7.3.1/thumb/v7e-m/fpv4-sp/hard/crtend.o
LOAD /usr/bin/../lib/gcc/arm-none-eabi/7.3.1/thumb/v7e-m/fpv4-sp/hard/crtn.o
                0x000000002000a000                _estack = 0x2000a000
                0x0000000000000200                _Min_Heap_Size = 0x200
                0x0000000000000400                _Min_Stack_Size = 0x400

.isr_vector     0x0000000008000000      0x188
                0x0000000008000000                . = ALIGN (0x4)
 *(.isr_vector)
 .isr_vector    0x0000000008000000      0x188 build/startup_stm32f303xc.o
                0x0000000008000000                g_pfnVectors
                0x0000000008000188                . = ALIGN (0x4)

.text           0x0000000008000188      0xee4
                0x0000000008000188                . = ALIGN (0x4)
 *(.text)
 .text          0x0000000008000188       0x40 /usr/bin/../lib/gcc/arm-none-eabi/7.3.1/thumb/v7e-m/fpv4-sp/hard/crtbegin.o
 *(.text*)
 .text.MX_GPIO_Init
                0x00000000080001c8      0x2b8 build/main.o
 .text.MX_I2C1_Init
                0x0000000008000480       0xbc build/main.o
 .text.MX_SPI1_Init
                0x000000000800053c       0xa8 build/main.o
 .text.MX_USB_PCD_Init
                0x00000000080005e4       0x28 build/main.o
 .text.SystemClock_Config
                0x000000000800060c       0xe8 build/main.o
                0x000000000800060c                SystemClock_Config
 .text.main     0x00000000080006f4       0x3c build/main.o
                0x00000000080006f4                main
 .text.NMI_Handler
                0x0000000008000730        0x2 build/stm32f3xx_it.o
                0x0000000008000730                NMI_Handler
 .text.HardFault_Handler
                0x0000000008000732        0x2 build/stm32f3xx_it.o
                0x0000000008000732                HardFault_Handler
 .text.MemManage_Handler
                0x0000000008000734        0x2 build/stm32f3xx_it.o
                0x0000000008000734                MemManage_Handler
 .text.BusFault_Handler
                0x0000000008000736        0x2 build/stm32f3xx_it.o
                0x0000000008000736                BusFault_Handler
 .text.UsageFault_Handler
                0x0000000008000738        0x2 build/stm32f3xx_it.o
                0x0000000008000738                UsageFault_Handler
 .text.SVC_Handler
                0x000000000800073a        0x2 build/stm32f3xx_it.o
                0x000000000800073a                SVC_Handler
 .text.DebugMon_Handler
                0x000000000800073c        0x2 build/stm32f3xx_it.o
                0x000000000800073c                DebugMon_Handler
 .text.PendSV_Handler
                0x000000000800073e        0x2 build/stm32f3xx_it.o
                0x000000000800073e                PendSV_Handler
 .text.SysTick_Handler
                0x0000000008000740        0x8 build/stm32f3xx_it.o
                0x0000000008000740                SysTick_Handler
 .text.HAL_MspInit
                0x0000000008000748       0x3c build/stm32f3xx_hal_msp.o
                0x0000000008000748                HAL_MspInit
 .text.HAL_PCD_MspInit
                0x0000000008000784       0x68 build/stm32f3xx_hal_msp.o
                0x0000000008000784                HAL_PCD_MspInit
 .text.LL_Init1msTick
                0x00000000080007ec       0x20 build/stm32f3xx_ll_utils.o
                0x00000000080007ec                LL_Init1msTick
 .text.LL_SetSystemCoreClock
                0x000000000800080c        0xc build/stm32f3xx_ll_utils.o
                0x000000000800080c                LL_SetSystemCoreClock
 .text.LL_EXTI_Init
                0x0000000008000818      0x190 build/stm32f3xx_ll_exti.o
                0x0000000008000818                LL_EXTI_Init
 .text.LL_GPIO_Init
                0x00000000080009a8      0x132 build/stm32f3xx_ll_gpio.o
                0x00000000080009a8                LL_GPIO_Init
 .text.LL_I2C_Init
                0x0000000008000ada       0x70 build/stm32f3xx_ll_i2c.o
                0x0000000008000ada                LL_I2C_Init
 .text.LL_SPI_Init
                0x0000000008000b4a       0x78 build/stm32f3xx_ll_spi.o
                0x0000000008000b4a                LL_SPI_Init
 .text.HAL_PCD_Init
                0x0000000008000bc2       0xa8 build/stm32f3xx_hal_pcd.o
                0x0000000008000bc2                HAL_PCD_Init
 *fill*         0x0000000008000c6a        0x2 
 .text.HAL_InitTick
                0x0000000008000c6c       0x4c build/stm32f3xx_hal.o
                0x0000000008000c6c                HAL_InitTick
 .text.HAL_Init
                0x0000000008000cb8       0x24 build/stm32f3xx_hal.o
                0x0000000008000cb8                HAL_Init
 .text.HAL_IncTick
                0x0000000008000cdc       0x18 build/stm32f3xx_hal.o
                0x0000000008000cdc                HAL_IncTick
 .text.HAL_GPIO_Init
                0x0000000008000cf4      0x194 build/stm32f3xx_hal_gpio.o
                0x0000000008000cf4                HAL_GPIO_Init
 .text.HAL_NVIC_SetPriorityGrouping
                0x0000000008000e88       0x24 build/stm32f3xx_hal_cortex.o
                0x0000000008000e88                HAL_NVIC_SetPriorityGrouping
 .text.HAL_NVIC_SetPriority
                0x0000000008000eac       0x68 build/stm32f3xx_hal_cortex.o
                0x0000000008000eac                HAL_NVIC_SetPriority
 .text.HAL_SYSTICK_Config
                0x0000000008000f14       0x2c build/stm32f3xx_hal_cortex.o
                0x0000000008000f14                HAL_SYSTICK_Config
 .text.SystemInit
                0x0000000008000f40       0x68 build/system_stm32f3xx.o
                0x0000000008000f40                SystemInit
 .text.Reset_Handler
                0x0000000008000fa8       0x50 build/startup_stm32f303xc.o
                0x0000000008000fa8                Reset_Handler
 .text.Default_Handler
                0x0000000008000ff8        0x2 build/startup_stm32f303xc.o
                0x0000000008000ff8                RTC_Alarm_IRQHandler
                0x0000000008000ff8                TIM8_TRG_COM_IRQHandler
                0x0000000008000ff8                TIM8_CC_IRQHandler
                0x0000000008000ff8                TIM1_CC_IRQHandler
                0x0000000008000ff8                USB_HP_IRQHandler
                0x0000000008000ff8                PVD_IRQHandler
                0x0000000008000ff8                TAMP_STAMP_IRQHandler
                0x0000000008000ff8                EXTI3_IRQHandler
                0x0000000008000ff8                USB_HP_CAN_TX_IRQHandler
                0x0000000008000ff8                EXTI0_IRQHandler
                0x0000000008000ff8                I2C2_EV_IRQHandler
                0x0000000008000ff8                FPU_IRQHandler
                0x0000000008000ff8                TIM1_UP_TIM16_IRQHandler
                0x0000000008000ff8                ADC1_2_IRQHandler
                0x0000000008000ff8                SPI1_IRQHandler
                0x0000000008000ff8                CAN_SCE_IRQHandler
                0x0000000008000ff8                TIM6_DAC_IRQHandler
                0x0000000008000ff8                TIM8_UP_IRQHandler
                0x0000000008000ff8                DMA2_Channel2_IRQHandler
                0x0000000008000ff8                DMA1_Channel4_IRQHandler
                0x0000000008000ff8                USART3_IRQHandler
                0x0000000008000ff8                DMA1_Channel7_IRQHandler
                0x0000000008000ff8                UART5_IRQHandler
                0x0000000008000ff8                ADC3_IRQHandler
                0x0000000008000ff8                TIM4_IRQHandler
                0x0000000008000ff8                CAN_RX1_IRQHandler
                0x0000000008000ff8                DMA2_Channel1_IRQHandler
                0x0000000008000ff8                I2C1_EV_IRQHandler
                0x0000000008000ff8                DMA1_Channel6_IRQHandler
                0x0000000008000ff8                UART4_IRQHandler
                0x0000000008000ff8                DMA2_Channel4_IRQHandler
                0x0000000008000ff8                TIM3_IRQHandler
                0x0000000008000ff8                RCC_IRQHandler
                0x0000000008000ff8                DMA1_Channel1_IRQHandler
                0x0000000008000ff8                Default_Handler
                0x0000000008000ff8                USBWakeUp_RMP_IRQHandler
                0x0000000008000ff8                EXTI15_10_IRQHandler
                0x0000000008000ff8                TIM7_IRQHandler
                0x0000000008000ff8                EXTI9_5_IRQHandler
                0x0000000008000ff8                RTC_WKUP_IRQHandler
                0x0000000008000ff8                SPI2_IRQHandler
                0x0000000008000ff8                USB_LP_CAN_RX0_IRQHandler
                0x0000000008000ff8                DMA2_Channel5_IRQHandler
                0x0000000008000ff8                DMA1_Channel5_IRQHandler
                0x0000000008000ff8                USB_LP_IRQHandler
                0x0000000008000ff8                EXTI4_IRQHandler
                0x0000000008000ff8                TIM1_TRG_COM_TIM17_IRQHandler
                0x0000000008000ff8                DMA1_Channel3_IRQHandler
                0x0000000008000ff8                ADC4_IRQHandler
                0x0000000008000ff8                WWDG_IRQHandler
                0x0000000008000ff8                TIM2_IRQHandler
                0x0000000008000ff8                COMP7_IRQHandler
                0x0000000008000ff8                COMP1_2_3_IRQHandler
                0x0000000008000ff8                EXTI1_IRQHandler
                0x0000000008000ff8                USART2_IRQHandler
                0x0000000008000ff8                COMP4_5_6_IRQHandler
                0x0000000008000ff8                I2C2_ER_IRQHandler
                0x0000000008000ff8                DMA1_Channel2_IRQHandler
                0x0000000008000ff8                TIM8_BRK_IRQHandler
                0x0000000008000ff8                FLASH_IRQHandler
                0x0000000008000ff8                USART1_IRQHandler
                0x0000000008000ff8                SPI3_IRQHandler
                0x0000000008000ff8                I2C1_ER_IRQHandler
                0x0000000008000ff8                USBWakeUp_IRQHandler
                0x0000000008000ff8                DMA2_Channel3_IRQHandler
                0x0000000008000ff8                EXTI2_TSC_IRQHandler
                0x0000000008000ff8                TIM1_BRK_TIM15_IRQHandler
 *fill*         0x0000000008000ffa        0x2 
 .text.__libc_init_array
                0x0000000008000ffc       0x48 /usr/bin/../lib/gcc/arm-none-eabi/7.3.1/../../../../arm-none-eabi/lib/thumb/v7e-m/fpv4-sp/hard/libc_nano.a(lib_a-init.o)
                0x0000000008000ffc                __libc_init_array
 .text.memset   0x0000000008001044       0x10 /usr/bin/../lib/gcc/arm-none-eabi/7.3.1/../../../../arm-none-eabi/lib/thumb/v7e-m/fpv4-sp/hard/libc_nano.a(lib_a-memset.o)
                0x0000000008001044                memset
 *(.glue_7)
 .glue_7        0x0000000008001054        0x0 linker stubs
 *(.glue_7t)
 .glue_7t       0x0000000008001054        0x0 linker stubs
 *(.eh_frame)
 .eh_frame      0x0000000008001054        0x0 /usr/bin/../lib/gcc/arm-none-eabi/7.3.1/thumb/v7e-m/fpv4-sp/hard/crtbegin.o
 *(.init)
 .init          0x0000000008001054        0x4 /usr/bin/../lib/gcc/arm-none-eabi/7.3.1/thumb/v7e-m/fpv4-sp/hard/crti.o
                0x0000000008001054                _init
 .init          0x0000000008001058        0x8 /usr/bin/../lib/gcc/arm-none-eabi/7.3.1/thumb/v7e-m/fpv4-sp/hard/crtn.o
 *(.fini)
 .fini          0x0000000008001060        0x4 /usr/bin/../lib/gcc/arm-none-eabi/7.3.1/thumb/v7e-m/fpv4-sp/hard/crti.o
                0x0000000008001060                _fini
 .fini          0x0000000008001064        0x8 /usr/bin/../lib/gcc/arm-none-eabi/7.3.1/thumb/v7e-m/fpv4-sp/hard/crtn.o
                0x000000000800106c                . = ALIGN (0x4)
                0x000000000800106c                _etext = .

.vfp11_veneer   0x000000000800106c        0x0
 .vfp11_veneer  0x000000000800106c        0x0 linker stubs

.v4_bx          0x000000000800106c        0x0
 .v4_bx         0x000000000800106c        0x0 linker stubs

.iplt           0x000000000800106c        0x0
 .iplt          0x000000000800106c        0x0 /usr/bin/../lib/gcc/arm-none-eabi/7.3.1/thumb/v7e-m/fpv4-sp/hard/crtbegin.o

.rel.dyn        0x000000000800106c        0x0
 .rel.iplt      0x000000000800106c        0x0 /usr/bin/../lib/gcc/arm-none-eabi/7.3.1/thumb/v7e-m/fpv4-sp/hard/crtbegin.o

.rodata         0x000000000800106c        0x0
                0x000000000800106c                . = ALIGN (0x4)
 *(.rodata)
 *(.rodata*)
                0x000000000800106c                . = ALIGN (0x4)

.ARM.extab
 *(.ARM.extab* .gnu.linkonce.armextab.*)

.ARM            0x000000000800106c        0x0
                0x000000000800106c                __exidx_start = .
 *(.ARM.exidx*)
                0x000000000800106c                __exidx_end = .

.preinit_array  0x000000000800106c        0x0
                0x000000000800106c                PROVIDE (__preinit_array_start = .)
 *(.preinit_array*)
                0x000000000800106c                PROVIDE (__preinit_array_end = .)

.init_array     0x000000000800106c        0x4
                0x000000000800106c                PROVIDE (__init_array_start = .)
 *(SORT_BY_NAME(.init_array.*))
 *(.init_array*)
 .init_array    0x000000000800106c        0x4 /usr/bin/../lib/gcc/arm-none-eabi/7.3.1/thumb/v7e-m/fpv4-sp/hard/crtbegin.o
                0x0000000008001070                PROVIDE (__init_array_end = .)

.fini_array     0x0000000008001070        0x4
                [!provide]                        PROVIDE (__fini_array_start = .)
 *(SORT_BY_NAME(.fini_array.*))
 *(.fini_array*)
 .fini_array    0x0000000008001070        0x4 /usr/bin/../lib/gcc/arm-none-eabi/7.3.1/thumb/v7e-m/fpv4-sp/hard/crtbegin.o
                [!provide]                        PROVIDE (__fini_array_end = .)
                0x0000000008001074                _sidata = LOADADDR (.data)

.data           0x0000000020000000        0xc load address 0x0000000008001074
                0x0000000020000000                . = ALIGN (0x4)
                0x0000000020000000                _sdata = .
 *(.data)
 *(.data*)
 .data.uwTickFreq
                0x0000000020000000        0x1 build/stm32f3xx_hal.o
                0x0000000020000000                uwTickFreq
 *fill*         0x0000000020000001        0x3 
 .data.uwTickPrio
                0x0000000020000004        0x4 build/stm32f3xx_hal.o
                0x0000000020000004                uwTickPrio
 .data.SystemCoreClock
                0x0000000020000008        0x4 build/system_stm32f3xx.o
                0x0000000020000008                SystemCoreClock
                0x000000002000000c                . = ALIGN (0x4)
                0x000000002000000c                _edata = .
                0x0000000008001080                _siccmram = LOADADDR (.ccmram)

.igot.plt       0x000000002000000c        0x0 load address 0x0000000008001080
 .igot.plt      0x000000002000000c        0x0 /usr/bin/../lib/gcc/arm-none-eabi/7.3.1/thumb/v7e-m/fpv4-sp/hard/crtbegin.o

.ccmram         0x0000000010000000        0x0 load address 0x0000000008001080
                0x0000000010000000                . = ALIGN (0x4)
                0x0000000010000000                _sccmram = .
 *(.ccmram)
 *(.ccmram*)
                0x0000000010000000                . = ALIGN (0x4)
                0x0000000010000000                _eccmram = .
                0x0000000010000000                . = ALIGN (0x4)

.bss            0x000000002000000c      0x3c8
                0x000000002000000c                _sbss = .
                0x000000002000000c                __bss_start__ = _sbss
 *(.bss)
 .bss           0x000000002000000c       0x1c /usr/bin/../lib/gcc/arm-none-eabi/7.3.1/thumb/v7e-m/fpv4-sp/hard/crtbegin.o
 *(.bss*)
 *(COMMON)
 COMMON         0x0000000020000028      0x3a8 build/main.o
                0x0000000020000028                hpcd_USB_FS
 COMMON         0x00000000200003d0        0x4 build/stm32f3xx_hal.o
                0x00000000200003d0                uwTick
                0x00000000200003d4                . = ALIGN (0x4)
                0x00000000200003d4                _ebss = .
                0x00000000200003d4                __bss_end__ = _ebss

._user_heap_stack
                0x00000000200003d4      0x604
                0x00000000200003d8                . = ALIGN (0x8)
 *fill*         0x00000000200003d4        0x4 
                [!provide]                        PROVIDE (end = .)
                [!provide]                        PROVIDE (_end = .)
                0x00000000200005d8                . = (. + _Min_Heap_Size)
 *fill*         0x00000000200003d8      0x200 
                0x00000000200009d8                . = (. + _Min_Stack_Size)
 *fill*         0x00000000200005d8      0x400 
                0x00000000200009d8                . = ALIGN (0x8)

/DISCARD/
 libc.a(*)
 libm.a(*)
 libgcc.a(*)

.ARM.attributes
                0x0000000000000000       0x30
 *(.ARM.attributes)
 .ARM.attributes
                0x0000000000000000       0x22 /usr/bin/../lib/gcc/arm-none-eabi/7.3.1/thumb/v7e-m/fpv4-sp/hard/crti.o
 .ARM.attributes
                0x0000000000000022       0x34 /usr/bin/../lib/gcc/arm-none-eabi/7.3.1/thumb/v7e-m/fpv4-sp/hard/crtbegin.o
 .ARM.attributes
                0x0000000000000056       0x39 build/main.o
 .ARM.attributes
                0x000000000000008f       0x39 build/stm32f3xx_it.o
 .ARM.attributes
                0x00000000000000c8       0x39 build/stm32f3xx_hal_msp.o
 .ARM.attributes
                0x0000000000000101       0x39 build/stm32f3xx_ll_utils.o
 .ARM.attributes
                0x000000000000013a       0x39 build/stm32f3xx_ll_exti.o
 .ARM.attributes
                0x0000000000000173       0x39 build/stm32f3xx_ll_gpio.o
 .ARM.attributes
                0x00000000000001ac       0x39 build/stm32f3xx_ll_i2c.o
 .ARM.attributes
                0x00000000000001e5       0x39 build/stm32f3xx_ll_spi.o
 .ARM.attributes
                0x000000000000021e       0x39 build/stm32f3xx_hal_pcd.o
 .ARM.attributes
                0x0000000000000257       0x39 build/stm32f3xx_hal.o
 .ARM.attributes
                0x0000000000000290       0x39 build/stm32f3xx_hal_gpio.o
 .ARM.attributes
                0x00000000000002c9       0x39 build/stm32f3xx_hal_cortex.o
 .ARM.attributes
                0x0000000000000302       0x39 build/system_stm32f3xx.o
 .ARM.attributes
                0x000000000000033b       0x21 build/startup_stm32f303xc.o
 .ARM.attributes
                0x000000000000035c       0x34 /usr/bin/../lib/gcc/arm-none-eabi/7.3.1/../../../../arm-none-eabi/lib/thumb/v7e-m/fpv4-sp/hard/libc_nano.a(lib_a-init.o)
 .ARM.attributes
                0x0000000000000390       0x34 /usr/bin/../lib/gcc/arm-none-eabi/7.3.1/../../../../arm-none-eabi/lib/thumb/v7e-m/fpv4-sp/hard/libc_nano.a(lib_a-memset.o)
 .ARM.attributes
                0x00000000000003c4       0x22 /usr/bin/../lib/gcc/arm-none-eabi/7.3.1/thumb/v7e-m/fpv4-sp/hard/crtn.o
OUTPUT(build/LL_BlinkyF3.elf elf32-littlearm)

.debug_info     0x0000000000000000    0x106e7
 .debug_info    0x0000000000000000     0x280a build/main.o
 .debug_info    0x000000000000280a      0xb86 build/stm32f3xx_it.o
 .debug_info    0x0000000000003390     0x123b build/stm32f3xx_hal_msp.o
 .debug_info    0x00000000000045cb     0x13c5 build/stm32f3xx_ll_utils.o
 .debug_info    0x0000000000005990     0x116b build/stm32f3xx_ll_exti.o
 .debug_info    0x0000000000006afb     0x1376 build/stm32f3xx_ll_gpio.o
 .debug_info    0x0000000000007e71     0x1085 build/stm32f3xx_ll_i2c.o
 .debug_info    0x0000000000008ef6     0x1220 build/stm32f3xx_ll_spi.o
 .debug_info    0x000000000000a116     0x1c31 build/stm32f3xx_hal_pcd.o
 .debug_info    0x000000000000bd47     0x1239 build/stm32f3xx_hal.o
 .debug_info    0x000000000000cf80     0x10b0 build/stm32f3xx_hal_gpio.o
 .debug_info    0x000000000000e030     0x18d8 build/stm32f3xx_hal_cortex.o
 .debug_info    0x000000000000f908      0xdbd build/system_stm32f3xx.o
 .debug_info    0x00000000000106c5       0x22 build/startup_stm32f303xc.o

.debug_abbrev   0x0000000000000000     0x253c
 .debug_abbrev  0x0000000000000000      0x3b0 build/main.o
 .debug_abbrev  0x00000000000003b0      0x1f2 build/stm32f3xx_it.o
 .debug_abbrev  0x00000000000005a2      0x22b build/stm32f3xx_hal_msp.o
 .debug_abbrev  0x00000000000007cd      0x381 build/stm32f3xx_ll_utils.o
 .debug_abbrev  0x0000000000000b4e      0x290 build/stm32f3xx_ll_exti.o
 .debug_abbrev  0x0000000000000dde      0x2d6 build/stm32f3xx_ll_gpio.o
 .debug_abbrev  0x00000000000010b4      0x281 build/stm32f3xx_ll_i2c.o
 .debug_abbrev  0x0000000000001335      0x32c build/stm32f3xx_ll_spi.o
 .debug_abbrev  0x0000000000001661      0x388 build/stm32f3xx_hal_pcd.o
 .debug_abbrev  0x00000000000019e9      0x2c3 build/stm32f3xx_hal.o
 .debug_abbrev  0x0000000000001cac      0x2be build/stm32f3xx_hal_gpio.o
 .debug_abbrev  0x0000000000001f6a      0x3c0 build/stm32f3xx_hal_cortex.o
 .debug_abbrev  0x000000000000232a      0x200 build/system_stm32f3xx.o
 .debug_abbrev  0x000000000000252a       0x12 build/startup_stm32f303xc.o

.debug_loc      0x0000000000000000     0x3f52
 .debug_loc     0x0000000000000000      0x942 build/main.o
 .debug_loc     0x0000000000000942       0x20 build/stm32f3xx_it.o
 .debug_loc     0x0000000000000962      0x110 build/stm32f3xx_hal_msp.o
 .debug_loc     0x0000000000000a72      0x5df build/stm32f3xx_ll_utils.o
 .debug_loc     0x0000000000001051      0x4a0 build/stm32f3xx_ll_exti.o
 .debug_loc     0x00000000000014f1      0x4f7 build/stm32f3xx_ll_gpio.o
 .debug_loc     0x00000000000019e8      0x26d build/stm32f3xx_ll_i2c.o
 .debug_loc     0x0000000000001c55      0x61d build/stm32f3xx_ll_spi.o
 .debug_loc     0x0000000000002272      0xfa5 build/stm32f3xx_hal_pcd.o
 .debug_loc     0x0000000000003217      0x19d build/stm32f3xx_hal.o
 .debug_loc     0x00000000000033b4      0x441 build/stm32f3xx_hal_gpio.o
 .debug_loc     0x00000000000037f5      0x65e build/stm32f3xx_hal_cortex.o
 .debug_loc     0x0000000000003e53       0xff build/system_stm32f3xx.o

.debug_aranges  0x0000000000000000      0x578
 .debug_aranges
                0x0000000000000000       0x50 build/main.o
 .debug_aranges
                0x0000000000000050       0x60 build/stm32f3xx_it.o
 .debug_aranges
                0x00000000000000b0       0x30 build/stm32f3xx_hal_msp.o
 .debug_aranges
                0x00000000000000e0       0x60 build/stm32f3xx_ll_utils.o
 .debug_aranges
                0x0000000000000140       0x30 build/stm32f3xx_ll_exti.o
 .debug_aranges
                0x0000000000000170       0x30 build/stm32f3xx_ll_gpio.o
 .debug_aranges
                0x00000000000001a0       0x30 build/stm32f3xx_ll_i2c.o
 .debug_aranges
                0x00000000000001d0       0x58 build/stm32f3xx_ll_spi.o
 .debug_aranges
                0x0000000000000228      0x120 build/stm32f3xx_hal_pcd.o
 .debug_aranges
                0x0000000000000348       0xe0 build/stm32f3xx_hal.o
 .debug_aranges
                0x0000000000000428       0x58 build/stm32f3xx_hal_gpio.o
 .debug_aranges
                0x0000000000000480       0xa8 build/stm32f3xx_hal_cortex.o
 .debug_aranges
                0x0000000000000528       0x28 build/system_stm32f3xx.o
 .debug_aranges
                0x0000000000000550       0x28 build/startup_stm32f303xc.o

.debug_ranges   0x0000000000000000      0x5a8
 .debug_ranges  0x0000000000000000       0x58 build/main.o
 .debug_ranges  0x0000000000000058       0x50 build/stm32f3xx_it.o
 .debug_ranges  0x00000000000000a8       0x20 build/stm32f3xx_hal_msp.o
 .debug_ranges  0x00000000000000c8       0x50 build/stm32f3xx_ll_utils.o
 .debug_ranges  0x0000000000000118       0x20 build/stm32f3xx_ll_exti.o
 .debug_ranges  0x0000000000000138       0x20 build/stm32f3xx_ll_gpio.o
 .debug_ranges  0x0000000000000158       0x20 build/stm32f3xx_ll_i2c.o
 .debug_ranges  0x0000000000000178       0x48 build/stm32f3xx_ll_spi.o
 .debug_ranges  0x00000000000001c0      0x1a0 build/stm32f3xx_hal_pcd.o
 .debug_ranges  0x0000000000000360       0xd0 build/stm32f3xx_hal.o
 .debug_ranges  0x0000000000000430       0x48 build/stm32f3xx_hal_gpio.o
 .debug_ranges  0x0000000000000478       0xf8 build/stm32f3xx_hal_cortex.o
 .debug_ranges  0x0000000000000570       0x18 build/system_stm32f3xx.o
 .debug_ranges  0x0000000000000588       0x20 build/startup_stm32f303xc.o

.debug_line     0x0000000000000000     0x30c4
 .debug_line    0x0000000000000000      0x5ef build/main.o
 .debug_line    0x00000000000005ef      0x230 build/stm32f3xx_it.o
 .debug_line    0x000000000000081f      0x25c build/stm32f3xx_hal_msp.o
 .debug_line    0x0000000000000a7b      0x3f4 build/stm32f3xx_ll_utils.o
 .debug_line    0x0000000000000e6f      0x392 build/stm32f3xx_ll_exti.o
 .debug_line    0x0000000000001201      0x377 build/stm32f3xx_ll_gpio.o
 .debug_line    0x0000000000001578      0x2ad build/stm32f3xx_ll_i2c.o
 .debug_line    0x0000000000001825      0x366 build/stm32f3xx_ll_spi.o
 .debug_line    0x0000000000001b8b      0x7c0 build/stm32f3xx_hal_pcd.o
 .debug_line    0x000000000000234b      0x3bd build/stm32f3xx_hal.o
 .debug_line    0x0000000000002708      0x358 build/stm32f3xx_hal_gpio.o
 .debug_line    0x0000000000002a60      0x411 build/stm32f3xx_hal_cortex.o
 .debug_line    0x0000000000002e71      0x1df build/system_stm32f3xx.o
 .debug_line    0x0000000000003050       0x74 build/startup_stm32f303xc.o

.debug_str      0x0000000000000000     0x292a
 .debug_str     0x0000000000000000      0xfc5 build/main.o
                                       0x10de (size before relaxing)
 .debug_str     0x0000000000000fc5       0xaf build/stm32f3xx_it.o
                                        0x709 (size before relaxing)
 .debug_str     0x0000000000001074       0x86 build/stm32f3xx_hal_msp.o
                                        0xa6b (size before relaxing)
 .debug_str     0x00000000000010fa      0x22f build/stm32f3xx_ll_utils.o
                                        0xac5 (size before relaxing)
 .debug_str     0x0000000000001329      0x25a build/stm32f3xx_ll_exti.o
                                        0x954 (size before relaxing)
 .debug_str     0x0000000000001583       0xf3 build/stm32f3xx_ll_gpio.o
                                        0x886 (size before relaxing)
 .debug_str     0x0000000000001676      0x13c build/stm32f3xx_ll_i2c.o
                                        0x8c1 (size before relaxing)
 .debug_str     0x00000000000017b2      0x219 build/stm32f3xx_ll_spi.o
                                        0xa00 (size before relaxing)
 .debug_str     0x00000000000019cb      0x3af build/stm32f3xx_hal_pcd.o
                                        0xd1a (size before relaxing)
 .debug_str     0x0000000000001d7a      0x662 build/stm32f3xx_hal.o
                                        0xdca (size before relaxing)
 .debug_str     0x00000000000023dc      0x102 build/stm32f3xx_hal_gpio.o
                                        0x8f3 (size before relaxing)
 .debug_str     0x00000000000024de      0x3d1 build/stm32f3xx_hal_cortex.o
                                        0xfe8 (size before relaxing)
 .debug_str     0x00000000000028af       0x57 build/system_stm32f3xx.o
                                        0x74f (size before relaxing)
 .debug_str     0x0000000000002906       0x24 build/startup_stm32f303xc.o
                                         0x4f (size before relaxing)

.comment        0x0000000000000000       0x7f
 .comment       0x0000000000000000       0x7f build/main.o
                                         0x80 (size before relaxing)
 .comment       0x000000000000007f       0x80 build/stm32f3xx_it.o
 .comment       0x000000000000007f       0x80 build/stm32f3xx_hal_msp.o
 .comment       0x000000000000007f       0x80 build/stm32f3xx_ll_utils.o
 .comment       0x000000000000007f       0x80 build/stm32f3xx_ll_exti.o
 .comment       0x000000000000007f       0x80 build/stm32f3xx_ll_gpio.o
 .comment       0x000000000000007f       0x80 build/stm32f3xx_ll_i2c.o
 .comment       0x000000000000007f       0x80 build/stm32f3xx_ll_spi.o
 .comment       0x000000000000007f       0x80 build/stm32f3xx_hal_pcd.o
 .comment       0x000000000000007f       0x80 build/stm32f3xx_hal.o
 .comment       0x000000000000007f       0x80 build/stm32f3xx_hal_gpio.o
 .comment       0x000000000000007f       0x80 build/stm32f3xx_hal_cortex.o
 .comment       0x000000000000007f       0x80 build/system_stm32f3xx.o

.debug_frame    0x0000000000000000      0xcd8
 .debug_frame   0x0000000000000000       0xec build/main.o
 .debug_frame   0x00000000000000ec       0xac build/stm32f3xx_it.o
 .debug_frame   0x0000000000000198       0x6c build/stm32f3xx_hal_msp.o
 .debug_frame   0x0000000000000204       0xe8 build/stm32f3xx_ll_utils.o
 .debug_frame   0x00000000000002ec       0x58 build/stm32f3xx_ll_exti.o
 .debug_frame   0x0000000000000344       0x60 build/stm32f3xx_ll_gpio.o
 .debug_frame   0x00000000000003a4       0x4c build/stm32f3xx_ll_i2c.o
 .debug_frame   0x00000000000003f0       0xf4 build/stm32f3xx_ll_spi.o
 .debug_frame   0x00000000000004e4      0x320 build/stm32f3xx_hal_pcd.o
 .debug_frame   0x0000000000000804      0x1e0 build/stm32f3xx_hal.o
 .debug_frame   0x00000000000009e4      0x10c build/stm32f3xx_hal_gpio.o
 .debug_frame   0x0000000000000af0      0x16c build/stm32f3xx_hal_cortex.o
 .debug_frame   0x0000000000000c5c       0x30 build/system_stm32f3xx.o
 .debug_frame   0x0000000000000c8c       0x2c /usr/bin/../lib/gcc/arm-none-eabi/7.3.1/../../../../arm-none-eabi/lib/thumb/v7e-m/fpv4-sp/hard/libc_nano.a(lib_a-init.o)
 .debug_frame   0x0000000000000cb8       0x20 /usr/bin/../lib/gcc/arm-none-eabi/7.3.1/../../../../arm-none-eabi/lib/thumb/v7e-m/fpv4-sp/hard/libc_nano.a(lib_a-memset.o)

Cross Reference Table

Symbol                                            File
ADC1_2_IRQHandler                                 build/startup_stm32f303xc.o
ADC3_IRQHandler                                   build/startup_stm32f303xc.o
ADC4_IRQHandler                                   build/startup_stm32f303xc.o
AHBPrescTable                                     build/system_stm32f3xx.o
                                                  build/stm32f3xx_hal_rcc.o
                                                  build/stm32f3xx_ll_utils.o
APBPrescTable                                     build/system_stm32f3xx.o
                                                  build/stm32f3xx_hal_rcc.o
BusFault_Handler                                  build/stm32f3xx_it.o
CAN_RX1_IRQHandler                                build/startup_stm32f303xc.o
CAN_SCE_IRQHandler                                build/startup_stm32f303xc.o
COMP1_2_3_IRQHandler                              build/startup_stm32f303xc.o
COMP4_5_6_IRQHandler                              build/startup_stm32f303xc.o
COMP7_IRQHandler                                  build/startup_stm32f303xc.o
DMA1_Channel1_IRQHandler                          build/startup_stm32f303xc.o
DMA1_Channel2_IRQHandler                          build/startup_stm32f303xc.o
DMA1_Channel3_IRQHandler                          build/startup_stm32f303xc.o
DMA1_Channel4_IRQHandler                          build/startup_stm32f303xc.o
DMA1_Channel5_IRQHandler                          build/startup_stm32f303xc.o
DMA1_Channel6_IRQHandler                          build/startup_stm32f303xc.o
DMA1_Channel7_IRQHandler                          build/startup_stm32f303xc.o
DMA2_Channel1_IRQHandler                          build/startup_stm32f303xc.o
DMA2_Channel2_IRQHandler                          build/startup_stm32f303xc.o
DMA2_Channel3_IRQHandler                          build/startup_stm32f303xc.o
DMA2_Channel4_IRQHandler                          build/startup_stm32f303xc.o
DMA2_Channel5_IRQHandler                          build/startup_stm32f303xc.o
DebugMon_Handler                                  build/stm32f3xx_it.o
Default_Handler                                   build/startup_stm32f303xc.o
EXTI0_IRQHandler                                  build/startup_stm32f303xc.o
EXTI15_10_IRQHandler                              build/startup_stm32f303xc.o
EXTI1_IRQHandler                                  build/startup_stm32f303xc.o
EXTI2_TSC_IRQHandler                              build/startup_stm32f303xc.o
EXTI3_IRQHandler                                  build/startup_stm32f303xc.o
EXTI4_IRQHandler                                  build/startup_stm32f303xc.o
EXTI9_5_IRQHandler                                build/startup_stm32f303xc.o
Error_Handler                                     build/main.o
FLASH_IRQHandler                                  build/startup_stm32f303xc.o
FLASH_PageErase                                   build/stm32f3xx_hal_flash_ex.o
                                                  build/stm32f3xx_hal_flash.o
FLASH_WaitForLastOperation                        build/stm32f3xx_hal_flash.o
                                                  build/stm32f3xx_hal_flash_ex.o
FPU_IRQHandler                                    build/startup_stm32f303xc.o
HAL_DBGMCU_DisableDBGSleepMode                    build/stm32f3xx_hal.o
HAL_DBGMCU_DisableDBGStandbyMode                  build/stm32f3xx_hal.o
HAL_DBGMCU_DisableDBGStopMode                     build/stm32f3xx_hal.o
HAL_DBGMCU_EnableDBGSleepMode                     build/stm32f3xx_hal.o
HAL_DBGMCU_EnableDBGStandbyMode                   build/stm32f3xx_hal.o
HAL_DBGMCU_EnableDBGStopMode                      build/stm32f3xx_hal.o
HAL_DMA_Abort                                     build/stm32f3xx_hal_dma.o
HAL_DMA_Abort_IT                                  build/stm32f3xx_hal_dma.o
                                                  build/stm32f3xx_hal_i2c.o
HAL_DMA_DeInit                                    build/stm32f3xx_hal_dma.o
HAL_DMA_GetError                                  build/stm32f3xx_hal_dma.o
HAL_DMA_GetState                                  build/stm32f3xx_hal_dma.o
HAL_DMA_IRQHandler                                build/stm32f3xx_hal_dma.o
HAL_DMA_Init                                      build/stm32f3xx_hal_dma.o
HAL_DMA_PollForTransfer                           build/stm32f3xx_hal_dma.o
HAL_DMA_RegisterCallback                          build/stm32f3xx_hal_dma.o
HAL_DMA_Start                                     build/stm32f3xx_hal_dma.o
HAL_DMA_Start_IT                                  build/stm32f3xx_hal_dma.o
                                                  build/stm32f3xx_hal_i2c.o
HAL_DMA_UnRegisterCallback                        build/stm32f3xx_hal_dma.o
HAL_DeInit                                        build/stm32f3xx_hal.o
HAL_Delay                                         build/stm32f3xx_hal.o
HAL_FLASHEx_Erase                                 build/stm32f3xx_hal_flash_ex.o
HAL_FLASHEx_Erase_IT                              build/stm32f3xx_hal_flash_ex.o
HAL_FLASHEx_OBErase                               build/stm32f3xx_hal_flash_ex.o
HAL_FLASHEx_OBGetConfig                           build/stm32f3xx_hal_flash_ex.o
HAL_FLASHEx_OBGetUserData                         build/stm32f3xx_hal_flash_ex.o
HAL_FLASHEx_OBProgram                             build/stm32f3xx_hal_flash_ex.o
HAL_FLASH_EndOfOperationCallback                  build/stm32f3xx_hal_flash.o
HAL_FLASH_GetError                                build/stm32f3xx_hal_flash.o
HAL_FLASH_IRQHandler                              build/stm32f3xx_hal_flash.o
HAL_FLASH_Lock                                    build/stm32f3xx_hal_flash.o
HAL_FLASH_OB_Launch                               build/stm32f3xx_hal_flash.o
HAL_FLASH_OB_Lock                                 build/stm32f3xx_hal_flash.o
HAL_FLASH_OB_Unlock                               build/stm32f3xx_hal_flash.o
HAL_FLASH_OperationErrorCallback                  build/stm32f3xx_hal_flash.o
HAL_FLASH_Program                                 build/stm32f3xx_hal_flash.o
HAL_FLASH_Program_IT                              build/stm32f3xx_hal_flash.o
HAL_FLASH_Unlock                                  build/stm32f3xx_hal_flash.o
HAL_GPIO_DeInit                                   build/stm32f3xx_hal_gpio.o
                                                  build/stm32f3xx_hal_msp.o
HAL_GPIO_EXTI_Callback                            build/stm32f3xx_hal_gpio.o
HAL_GPIO_EXTI_IRQHandler                          build/stm32f3xx_hal_gpio.o
HAL_GPIO_Init                                     build/stm32f3xx_hal_gpio.o
                                                  build/stm32f3xx_hal_rcc.o
                                                  build/stm32f3xx_hal_msp.o
HAL_GPIO_LockPin                                  build/stm32f3xx_hal_gpio.o
HAL_GPIO_ReadPin                                  build/stm32f3xx_hal_gpio.o
HAL_GPIO_TogglePin                                build/stm32f3xx_hal_gpio.o
HAL_GPIO_WritePin                                 build/stm32f3xx_hal_gpio.o
HAL_GetDEVID                                      build/stm32f3xx_hal.o
HAL_GetHalVersion                                 build/stm32f3xx_hal.o
HAL_GetREVID                                      build/stm32f3xx_hal.o
HAL_GetTick                                       build/stm32f3xx_hal.o
                                                  build/stm32f3xx_hal_i2c.o
                                                  build/stm32f3xx_hal_flash.o
                                                  build/stm32f3xx_hal_dma.o
                                                  build/stm32f3xx_hal_rcc_ex.o
                                                  build/stm32f3xx_hal_rcc.o
HAL_GetTickFreq                                   build/stm32f3xx_hal.o
HAL_GetTickPrio                                   build/stm32f3xx_hal.o
HAL_GetUIDw0                                      build/stm32f3xx_hal.o
HAL_GetUIDw1                                      build/stm32f3xx_hal.o
HAL_GetUIDw2                                      build/stm32f3xx_hal.o
HAL_I2CEx_ConfigAnalogFilter                      build/stm32f3xx_hal_i2c_ex.o
HAL_I2CEx_ConfigDigitalFilter                     build/stm32f3xx_hal_i2c_ex.o
HAL_I2CEx_DisableFastModePlus                     build/stm32f3xx_hal_i2c_ex.o
HAL_I2CEx_DisableWakeUp                           build/stm32f3xx_hal_i2c_ex.o
HAL_I2CEx_EnableFastModePlus                      build/stm32f3xx_hal_i2c_ex.o
HAL_I2CEx_EnableWakeUp                            build/stm32f3xx_hal_i2c_ex.o
HAL_I2C_AbortCpltCallback                         build/stm32f3xx_hal_i2c.o
HAL_I2C_AddrCallback                              build/stm32f3xx_hal_i2c.o
HAL_I2C_DeInit                                    build/stm32f3xx_hal_i2c.o
HAL_I2C_DisableListen_IT                          build/stm32f3xx_hal_i2c.o
HAL_I2C_ER_IRQHandler                             build/stm32f3xx_hal_i2c.o
HAL_I2C_EV_IRQHandler                             build/stm32f3xx_hal_i2c.o
HAL_I2C_EnableListen_IT                           build/stm32f3xx_hal_i2c.o
HAL_I2C_ErrorCallback                             build/stm32f3xx_hal_i2c.o
HAL_I2C_GetError                                  build/stm32f3xx_hal_i2c.o
HAL_I2C_GetMode                                   build/stm32f3xx_hal_i2c.o
HAL_I2C_GetState                                  build/stm32f3xx_hal_i2c.o
HAL_I2C_Init                                      build/stm32f3xx_hal_i2c.o
HAL_I2C_IsDeviceReady                             build/stm32f3xx_hal_i2c.o
HAL_I2C_ListenCpltCallback                        build/stm32f3xx_hal_i2c.o
HAL_I2C_MasterRxCpltCallback                      build/stm32f3xx_hal_i2c.o
HAL_I2C_MasterTxCpltCallback                      build/stm32f3xx_hal_i2c.o
HAL_I2C_Master_Abort_IT                           build/stm32f3xx_hal_i2c.o
HAL_I2C_Master_Receive                            build/stm32f3xx_hal_i2c.o
HAL_I2C_Master_Receive_DMA                        build/stm32f3xx_hal_i2c.o
HAL_I2C_Master_Receive_IT                         build/stm32f3xx_hal_i2c.o
HAL_I2C_Master_Sequential_Receive_IT              build/stm32f3xx_hal_i2c.o
HAL_I2C_Master_Sequential_Transmit_IT             build/stm32f3xx_hal_i2c.o
HAL_I2C_Master_Transmit                           build/stm32f3xx_hal_i2c.o
HAL_I2C_Master_Transmit_DMA                       build/stm32f3xx_hal_i2c.o
HAL_I2C_Master_Transmit_IT                        build/stm32f3xx_hal_i2c.o
HAL_I2C_MemRxCpltCallback                         build/stm32f3xx_hal_i2c.o
HAL_I2C_MemTxCpltCallback                         build/stm32f3xx_hal_i2c.o
HAL_I2C_Mem_Read                                  build/stm32f3xx_hal_i2c.o
HAL_I2C_Mem_Read_DMA                              build/stm32f3xx_hal_i2c.o
HAL_I2C_Mem_Read_IT                               build/stm32f3xx_hal_i2c.o
HAL_I2C_Mem_Write                                 build/stm32f3xx_hal_i2c.o
HAL_I2C_Mem_Write_DMA                             build/stm32f3xx_hal_i2c.o
HAL_I2C_Mem_Write_IT                              build/stm32f3xx_hal_i2c.o
HAL_I2C_MspDeInit                                 build/stm32f3xx_hal_i2c.o
HAL_I2C_MspInit                                   build/stm32f3xx_hal_i2c.o
HAL_I2C_SlaveRxCpltCallback                       build/stm32f3xx_hal_i2c.o
HAL_I2C_SlaveTxCpltCallback                       build/stm32f3xx_hal_i2c.o
HAL_I2C_Slave_Receive                             build/stm32f3xx_hal_i2c.o
HAL_I2C_Slave_Receive_DMA                         build/stm32f3xx_hal_i2c.o
HAL_I2C_Slave_Receive_IT                          build/stm32f3xx_hal_i2c.o
HAL_I2C_Slave_Sequential_Receive_IT               build/stm32f3xx_hal_i2c.o
HAL_I2C_Slave_Sequential_Transmit_IT              build/stm32f3xx_hal_i2c.o
HAL_I2C_Slave_Transmit                            build/stm32f3xx_hal_i2c.o
HAL_I2C_Slave_Transmit_DMA                        build/stm32f3xx_hal_i2c.o
HAL_I2C_Slave_Transmit_IT                         build/stm32f3xx_hal_i2c.o
HAL_IncTick                                       build/stm32f3xx_hal.o
                                                  build/stm32f3xx_it.o
HAL_Init                                          build/stm32f3xx_hal.o
                                                  build/main.o
HAL_InitTick                                      build/stm32f3xx_hal.o
                                                  build/stm32f3xx_hal_rcc.o
HAL_MPU_ConfigRegion                              build/stm32f3xx_hal_cortex.o
HAL_MPU_Disable                                   build/stm32f3xx_hal_cortex.o
HAL_MPU_Enable                                    build/stm32f3xx_hal_cortex.o
HAL_MspDeInit                                     build/stm32f3xx_hal.o
HAL_MspInit                                       build/stm32f3xx_hal_msp.o
HAL_NVIC_ClearPendingIRQ                          build/stm32f3xx_hal_cortex.o
HAL_NVIC_DisableIRQ                               build/stm32f3xx_hal_cortex.o
HAL_NVIC_EnableIRQ                                build/stm32f3xx_hal_cortex.o
HAL_NVIC_GetActive                                build/stm32f3xx_hal_cortex.o
HAL_NVIC_GetPendingIRQ                            build/stm32f3xx_hal_cortex.o
HAL_NVIC_GetPriority                              build/stm32f3xx_hal_cortex.o
HAL_NVIC_GetPriorityGrouping                      build/stm32f3xx_hal_cortex.o
HAL_NVIC_SetPendingIRQ                            build/stm32f3xx_hal_cortex.o
HAL_NVIC_SetPriority                              build/stm32f3xx_hal_cortex.o
                                                  build/stm32f3xx_hal.o
HAL_NVIC_SetPriorityGrouping                      build/stm32f3xx_hal_cortex.o
                                                  build/stm32f3xx_hal.o
                                                  build/stm32f3xx_hal_msp.o
HAL_NVIC_SystemReset                              build/stm32f3xx_hal_cortex.o
HAL_PCDEx_PMAConfig                               build/stm32f3xx_hal_pcd_ex.o
HAL_PCDEx_SetConnectionState                      build/stm32f3xx_hal_pcd_ex.o
                                                  build/stm32f3xx_hal_pcd.o
HAL_PCD_ActivateRemoteWakeup                      build/stm32f3xx_hal_pcd.o
HAL_PCD_ConnectCallback                           build/stm32f3xx_hal_pcd.o
HAL_PCD_DataInStageCallback                       build/stm32f3xx_hal_pcd.o
HAL_PCD_DataOutStageCallback                      build/stm32f3xx_hal_pcd.o
HAL_PCD_DeActivateRemoteWakeup                    build/stm32f3xx_hal_pcd.o
HAL_PCD_DeInit                                    build/stm32f3xx_hal_pcd.o
HAL_PCD_DevConnect                                build/stm32f3xx_hal_pcd.o
HAL_PCD_DevDisconnect                             build/stm32f3xx_hal_pcd.o
HAL_PCD_DisconnectCallback                        build/stm32f3xx_hal_pcd.o
HAL_PCD_EP_Close                                  build/stm32f3xx_hal_pcd.o
HAL_PCD_EP_ClrStall                               build/stm32f3xx_hal_pcd.o
HAL_PCD_EP_Flush                                  build/stm32f3xx_hal_pcd.o
HAL_PCD_EP_GetRxCount                             build/stm32f3xx_hal_pcd.o
HAL_PCD_EP_Open                                   build/stm32f3xx_hal_pcd.o
HAL_PCD_EP_Receive                                build/stm32f3xx_hal_pcd.o
HAL_PCD_EP_SetStall                               build/stm32f3xx_hal_pcd.o
HAL_PCD_EP_Transmit                               build/stm32f3xx_hal_pcd.o
HAL_PCD_GetState                                  build/stm32f3xx_hal_pcd.o
HAL_PCD_IRQHandler                                build/stm32f3xx_hal_pcd.o
HAL_PCD_ISOINIncompleteCallback                   build/stm32f3xx_hal_pcd.o
HAL_PCD_ISOOUTIncompleteCallback                  build/stm32f3xx_hal_pcd.o
HAL_PCD_Init                                      build/stm32f3xx_hal_pcd.o
                                                  build/main.o
HAL_PCD_MspDeInit                                 build/stm32f3xx_hal_msp.o
HAL_PCD_MspInit                                   build/stm32f3xx_hal_msp.o
HAL_PCD_ResetCallback                             build/stm32f3xx_hal_pcd.o
HAL_PCD_ResumeCallback                            build/stm32f3xx_hal_pcd.o
HAL_PCD_SOFCallback                               build/stm32f3xx_hal_pcd.o
HAL_PCD_SetAddress                                build/stm32f3xx_hal_pcd.o
HAL_PCD_SetupStageCallback                        build/stm32f3xx_hal_pcd.o
HAL_PCD_Start                                     build/stm32f3xx_hal_pcd.o
HAL_PCD_Stop                                      build/stm32f3xx_hal_pcd.o
HAL_PCD_SuspendCallback                           build/stm32f3xx_hal_pcd.o
HAL_PWR_ConfigPVD                                 build/stm32f3xx_hal_pwr_ex.o
HAL_PWR_DeInit                                    build/stm32f3xx_hal_pwr.o
HAL_PWR_DisableBkUpAccess                         build/stm32f3xx_hal_pwr.o
HAL_PWR_DisablePVD                                build/stm32f3xx_hal_pwr_ex.o
HAL_PWR_DisableSEVOnPend                          build/stm32f3xx_hal_pwr.o
HAL_PWR_DisableSleepOnExit                        build/stm32f3xx_hal_pwr.o
HAL_PWR_DisableWakeUpPin                          build/stm32f3xx_hal_pwr.o
HAL_PWR_EnableBkUpAccess                          build/stm32f3xx_hal_pwr.o
HAL_PWR_EnablePVD                                 build/stm32f3xx_hal_pwr_ex.o
HAL_PWR_EnableSEVOnPend                           build/stm32f3xx_hal_pwr.o
HAL_PWR_EnableSleepOnExit                         build/stm32f3xx_hal_pwr.o
HAL_PWR_EnableWakeUpPin                           build/stm32f3xx_hal_pwr.o
HAL_PWR_EnterSLEEPMode                            build/stm32f3xx_hal_pwr.o
HAL_PWR_EnterSTANDBYMode                          build/stm32f3xx_hal_pwr.o
HAL_PWR_EnterSTOPMode                             build/stm32f3xx_hal_pwr.o
HAL_PWR_PVDCallback                               build/stm32f3xx_hal_pwr_ex.o
HAL_PWR_PVD_IRQHandler                            build/stm32f3xx_hal_pwr_ex.o
HAL_RCCEx_GetPeriphCLKConfig                      build/stm32f3xx_hal_rcc_ex.o
HAL_RCCEx_GetPeriphCLKFreq                        build/stm32f3xx_hal_rcc_ex.o
HAL_RCCEx_PeriphCLKConfig                         build/stm32f3xx_hal_rcc_ex.o
HAL_RCC_CSSCallback                               build/stm32f3xx_hal_rcc.o
HAL_RCC_ClockConfig                               build/stm32f3xx_hal_rcc.o
HAL_RCC_DeInit                                    build/stm32f3xx_hal_rcc.o
HAL_RCC_DisableCSS                                build/stm32f3xx_hal_rcc.o
HAL_RCC_EnableCSS                                 build/stm32f3xx_hal_rcc.o
HAL_RCC_GetClockConfig                            build/stm32f3xx_hal_rcc.o
HAL_RCC_GetHCLKFreq                               build/stm32f3xx_hal_rcc.o
HAL_RCC_GetOscConfig                              build/stm32f3xx_hal_rcc.o
HAL_RCC_GetPCLK1Freq                              build/stm32f3xx_hal_rcc.o
                                                  build/stm32f3xx_hal_rcc_ex.o
HAL_RCC_GetPCLK2Freq                              build/stm32f3xx_hal_rcc.o
                                                  build/stm32f3xx_hal_rcc_ex.o
HAL_RCC_GetSysClockFreq                           build/stm32f3xx_hal_rcc.o
                                                  build/stm32f3xx_hal_rcc_ex.o
HAL_RCC_MCOConfig                                 build/stm32f3xx_hal_rcc.o
HAL_RCC_NMI_IRQHandler                            build/stm32f3xx_hal_rcc.o
HAL_RCC_OscConfig                                 build/stm32f3xx_hal_rcc.o
HAL_ResumeTick                                    build/stm32f3xx_hal.o
HAL_SYSTICK_CLKSourceConfig                       build/stm32f3xx_hal_cortex.o
HAL_SYSTICK_Callback                              build/stm32f3xx_hal_cortex.o
HAL_SYSTICK_Config                                build/stm32f3xx_hal_cortex.o
                                                  build/stm32f3xx_hal.o
HAL_SYSTICK_IRQHandler                            build/stm32f3xx_hal_cortex.o
HAL_SetTickFreq                                   build/stm32f3xx_hal.o
HAL_SuspendTick                                   build/stm32f3xx_hal.o
HardFault_Handler                                 build/stm32f3xx_it.o
I2C1_ER_IRQHandler                                build/startup_stm32f303xc.o
I2C1_EV_IRQHandler                                build/startup_stm32f303xc.o
I2C2_ER_IRQHandler                                build/startup_stm32f303xc.o
I2C2_EV_IRQHandler                                build/startup_stm32f303xc.o
LL_DMA_DeInit                                     build/stm32f3xx_ll_dma.o
LL_DMA_Init                                       build/stm32f3xx_ll_dma.o
LL_DMA_StructInit                                 build/stm32f3xx_ll_dma.o
LL_EXTI_DeInit                                    build/stm32f3xx_ll_exti.o
LL_EXTI_Init                                      build/stm32f3xx_ll_exti.o
                                                  build/main.o
LL_EXTI_StructInit                                build/stm32f3xx_ll_exti.o
LL_GPIO_DeInit                                    build/stm32f3xx_ll_gpio.o
LL_GPIO_Init                                      build/stm32f3xx_ll_gpio.o
                                                  build/main.o
LL_GPIO_StructInit                                build/stm32f3xx_ll_gpio.o
LL_I2C_DeInit                                     build/stm32f3xx_ll_i2c.o
LL_I2C_Init                                       build/stm32f3xx_ll_i2c.o
                                                  build/main.o
LL_I2C_StructInit                                 build/stm32f3xx_ll_i2c.o
LL_I2S_ConfigPrescaler                            build/stm32f3xx_ll_spi.o
LL_I2S_DeInit                                     build/stm32f3xx_ll_spi.o
LL_I2S_Init                                       build/stm32f3xx_ll_spi.o
LL_I2S_InitFullDuplex                             build/stm32f3xx_ll_spi.o
LL_I2S_StructInit                                 build/stm32f3xx_ll_spi.o
LL_Init1msTick                                    build/stm32f3xx_ll_utils.o
                                                  build/main.o
LL_PLL_ConfigSystemClock_HSE                      build/stm32f3xx_ll_utils.o
LL_PLL_ConfigSystemClock_HSI                      build/stm32f3xx_ll_utils.o
LL_RCC_GetSystemClocksFreq                        build/stm32f3xx_ll_spi.o
LL_SPI_DeInit                                     build/stm32f3xx_ll_spi.o
LL_SPI_Init                                       build/stm32f3xx_ll_spi.o
                                                  build/main.o
LL_SPI_StructInit                                 build/stm32f3xx_ll_spi.o
LL_SetSystemCoreClock                             build/stm32f3xx_ll_utils.o
                                                  build/main.o
LL_mDelay                                         build/stm32f3xx_ll_utils.o
MemManage_Handler                                 build/stm32f3xx_it.o
NMI_Handler                                       build/stm32f3xx_it.o
PCD_ReadPMA                                       build/stm32f3xx_hal_pcd_ex.o
                                                  build/stm32f3xx_hal_pcd.o
PCD_WritePMA                                      build/stm32f3xx_hal_pcd_ex.o
                                                  build/stm32f3xx_hal_pcd.o
PVD_IRQHandler                                    build/startup_stm32f303xc.o
PendSV_Handler                                    build/stm32f3xx_it.o
RCC_IRQHandler                                    build/startup_stm32f303xc.o
RTC_Alarm_IRQHandler                              build/startup_stm32f303xc.o
RTC_WKUP_IRQHandler                               build/startup_stm32f303xc.o
Reset_Handler                                     build/startup_stm32f303xc.o
SPI1_IRQHandler                                   build/startup_stm32f303xc.o
SPI2_IRQHandler                                   build/startup_stm32f303xc.o
SPI3_IRQHandler                                   build/startup_stm32f303xc.o
SVC_Handler                                       build/stm32f3xx_it.o
SysTick_Handler                                   build/stm32f3xx_it.o
SystemClock_Config                                build/main.o
SystemCoreClock                                   build/system_stm32f3xx.o
                                                  build/stm32f3xx_hal_rcc_ex.o
                                                  build/stm32f3xx_hal_rcc.o
                                                  build/stm32f3xx_hal.o
                                                  build/stm32f3xx_ll_utils.o
SystemCoreClockUpdate                             build/system_stm32f3xx.o
SystemInit                                        build/system_stm32f3xx.o
                                                  build/startup_stm32f303xc.o
TAMP_STAMP_IRQHandler                             build/startup_stm32f303xc.o
TIM1_BRK_TIM15_IRQHandler                         build/startup_stm32f303xc.o
TIM1_CC_IRQHandler                                build/startup_stm32f303xc.o
TIM1_TRG_COM_TIM17_IRQHandler                     build/startup_stm32f303xc.o
TIM1_UP_TIM16_IRQHandler                          build/startup_stm32f303xc.o
TIM2_IRQHandler                                   build/startup_stm32f303xc.o
TIM3_IRQHandler                                   build/startup_stm32f303xc.o
TIM4_IRQHandler                                   build/startup_stm32f303xc.o
TIM6_DAC_IRQHandler                               build/startup_stm32f303xc.o
TIM7_IRQHandler                                   build/startup_stm32f303xc.o
TIM8_BRK_IRQHandler                               build/startup_stm32f303xc.o
TIM8_CC_IRQHandler                                build/startup_stm32f303xc.o
TIM8_TRG_COM_IRQHandler                           build/startup_stm32f303xc.o
TIM8_UP_IRQHandler                                build/startup_stm32f303xc.o
UART4_IRQHandler                                  build/startup_stm32f303xc.o
UART5_IRQHandler                                  build/startup_stm32f303xc.o
USART1_IRQHandler                                 build/startup_stm32f303xc.o
USART2_IRQHandler                                 build/startup_stm32f303xc.o
USART3_IRQHandler                                 build/startup_stm32f303xc.o
USBWakeUp_IRQHandler                              build/startup_stm32f303xc.o
USBWakeUp_RMP_IRQHandler                          build/startup_stm32f303xc.o
USB_HP_CAN_TX_IRQHandler                          build/startup_stm32f303xc.o
USB_HP_IRQHandler                                 build/startup_stm32f303xc.o
USB_LP_CAN_RX0_IRQHandler                         build/startup_stm32f303xc.o
USB_LP_IRQHandler                                 build/startup_stm32f303xc.o
UsageFault_Handler                                build/stm32f3xx_it.o
WWDG_IRQHandler                                   build/startup_stm32f303xc.o
__bss_end__                                       /usr/bin/../lib/gcc/arm-none-eabi/7.3.1/../../../../arm-none-eabi/lib/thumb/v7e-m/fpv4-sp/hard/crt0.o
__bss_start__                                     /usr/bin/../lib/gcc/arm-none-eabi/7.3.1/../../../../arm-none-eabi/lib/thumb/v7e-m/fpv4-sp/hard/crt0.o
__call_exitprocs                                  /usr/bin/../lib/gcc/arm-none-eabi/7.3.1/../../../../arm-none-eabi/lib/thumb/v7e-m/fpv4-sp/hard/libc_nano.a(lib_a-exit.o)
__deregister_frame_info                           /usr/bin/../lib/gcc/arm-none-eabi/7.3.1/thumb/v7e-m/fpv4-sp/hard/crtbegin.o
__dso_handle                                      /usr/bin/../lib/gcc/arm-none-eabi/7.3.1/thumb/v7e-m/fpv4-sp/hard/crtbegin.o
__init_array_end                                  /usr/bin/../lib/gcc/arm-none-eabi/7.3.1/../../../../arm-none-eabi/lib/thumb/v7e-m/fpv4-sp/hard/libc_nano.a(lib_a-init.o)
__init_array_start                                /usr/bin/../lib/gcc/arm-none-eabi/7.3.1/../../../../arm-none-eabi/lib/thumb/v7e-m/fpv4-sp/hard/libc_nano.a(lib_a-init.o)
__libc_fini_array                                 /usr/bin/../lib/gcc/arm-none-eabi/7.3.1/../../../../arm-none-eabi/lib/thumb/v7e-m/fpv4-sp/hard/crt0.o
__libc_init_array                                 /usr/bin/../lib/gcc/arm-none-eabi/7.3.1/../../../../arm-none-eabi/lib/thumb/v7e-m/fpv4-sp/hard/libc_nano.a(lib_a-init.o)
                                                  build/startup_stm32f303xc.o
                                                  /usr/bin/../lib/gcc/arm-none-eabi/7.3.1/../../../../arm-none-eabi/lib/thumb/v7e-m/fpv4-sp/hard/crt0.o
__preinit_array_end                               /usr/bin/../lib/gcc/arm-none-eabi/7.3.1/../../../../arm-none-eabi/lib/thumb/v7e-m/fpv4-sp/hard/libc_nano.a(lib_a-init.o)
__preinit_array_start                             /usr/bin/../lib/gcc/arm-none-eabi/7.3.1/../../../../arm-none-eabi/lib/thumb/v7e-m/fpv4-sp/hard/libc_nano.a(lib_a-init.o)
__register_frame_info                             /usr/bin/../lib/gcc/arm-none-eabi/7.3.1/thumb/v7e-m/fpv4-sp/hard/crtbegin.o
__sf_fake_stderr                                  /usr/bin/../lib/gcc/arm-none-eabi/7.3.1/../../../../arm-none-eabi/lib/thumb/v7e-m/fpv4-sp/hard/libc_nano.a(lib_a-impure.o)
__sf_fake_stdin                                   /usr/bin/../lib/gcc/arm-none-eabi/7.3.1/../../../../arm-none-eabi/lib/thumb/v7e-m/fpv4-sp/hard/libc_nano.a(lib_a-impure.o)
__sf_fake_stdout                                  /usr/bin/../lib/gcc/arm-none-eabi/7.3.1/../../../../arm-none-eabi/lib/thumb/v7e-m/fpv4-sp/hard/libc_nano.a(lib_a-impure.o)
__stack                                           /usr/bin/../lib/gcc/arm-none-eabi/7.3.1/../../../../arm-none-eabi/lib/thumb/v7e-m/fpv4-sp/hard/crt0.o
_ebss                                             build/startup_stm32f303xc.o
_edata                                            build/startup_stm32f303xc.o
_estack                                           build/startup_stm32f303xc.o
_exit                                             /usr/bin/../lib/gcc/arm-none-eabi/7.3.1/../../../../arm-none-eabi/lib/thumb/v7e-m/fpv4-sp/hard/libnosys.a(_exit.o)
                                                  /usr/bin/../lib/gcc/arm-none-eabi/7.3.1/../../../../arm-none-eabi/lib/thumb/v7e-m/fpv4-sp/hard/libc_nano.a(lib_a-exit.o)
_fini                                             /usr/bin/../lib/gcc/arm-none-eabi/7.3.1/thumb/v7e-m/fpv4-sp/hard/crti.o
_global_impure_ptr                                /usr/bin/../lib/gcc/arm-none-eabi/7.3.1/../../../../arm-none-eabi/lib/thumb/v7e-m/fpv4-sp/hard/libc_nano.a(lib_a-impure.o)
                                                  /usr/bin/../lib/gcc/arm-none-eabi/7.3.1/../../../../arm-none-eabi/lib/thumb/v7e-m/fpv4-sp/hard/libc_nano.a(lib_a-exit.o)
_impure_ptr                                       /usr/bin/../lib/gcc/arm-none-eabi/7.3.1/../../../../arm-none-eabi/lib/thumb/v7e-m/fpv4-sp/hard/libc_nano.a(lib_a-impure.o)
_init                                             /usr/bin/../lib/gcc/arm-none-eabi/7.3.1/thumb/v7e-m/fpv4-sp/hard/crti.o
                                                  /usr/bin/../lib/gcc/arm-none-eabi/7.3.1/../../../../arm-none-eabi/lib/thumb/v7e-m/fpv4-sp/hard/libc_nano.a(lib_a-init.o)
_mainCRTStartup                                   /usr/bin/../lib/gcc/arm-none-eabi/7.3.1/../../../../arm-none-eabi/lib/thumb/v7e-m/fpv4-sp/hard/crt0.o
_sbss                                             build/startup_stm32f303xc.o
_sdata                                            build/startup_stm32f303xc.o
_sidata                                           build/startup_stm32f303xc.o
_start                                            /usr/bin/../lib/gcc/arm-none-eabi/7.3.1/../../../../arm-none-eabi/lib/thumb/v7e-m/fpv4-sp/hard/crt0.o
aPLLMULFactorTable                                build/stm32f3xx_hal_rcc.o
aPredivFactorTable                                build/stm32f3xx_hal_rcc.o
atexit                                            /usr/bin/../lib/gcc/arm-none-eabi/7.3.1/../../../../arm-none-eabi/lib/thumb/v7e-m/fpv4-sp/hard/crt0.o
exit                                              /usr/bin/../lib/gcc/arm-none-eabi/7.3.1/../../../../arm-none-eabi/lib/thumb/v7e-m/fpv4-sp/hard/libc_nano.a(lib_a-exit.o)
                                                  /usr/bin/../lib/gcc/arm-none-eabi/7.3.1/../../../../arm-none-eabi/lib/thumb/v7e-m/fpv4-sp/hard/crt0.o
g_pfnVectors                                      build/startup_stm32f303xc.o
hardware_init_hook                                /usr/bin/../lib/gcc/arm-none-eabi/7.3.1/../../../../arm-none-eabi/lib/thumb/v7e-m/fpv4-sp/hard/crt0.o
hpcd_USB_FS                                       build/main.o
main                                              build/main.o
                                                  build/startup_stm32f303xc.o
                                                  /usr/bin/../lib/gcc/arm-none-eabi/7.3.1/../../../../arm-none-eabi/lib/thumb/v7e-m/fpv4-sp/hard/crt0.o
memset                                            /usr/bin/../lib/gcc/arm-none-eabi/7.3.1/../../../../arm-none-eabi/lib/thumb/v7e-m/fpv4-sp/hard/libc_nano.a(lib_a-memset.o)
                                                  build/main.o
                                                  /usr/bin/../lib/gcc/arm-none-eabi/7.3.1/../../../../arm-none-eabi/lib/thumb/v7e-m/fpv4-sp/hard/crt0.o
pFlash                                            build/stm32f3xx_hal_flash.o
                                                  build/stm32f3xx_hal_flash_ex.o
software_init_hook                                /usr/bin/../lib/gcc/arm-none-eabi/7.3.1/../../../../arm-none-eabi/lib/thumb/v7e-m/fpv4-sp/hard/crt0.o
uwTick                                            build/stm32f3xx_hal.o
uwTickFreq                                        build/stm32f3xx_hal.o
uwTickPrio                                        build/stm32f3xx_hal.o
